25/01/2021 00:48:13	This log contains information about the import schema operation into project 'SQLBase' on computer 'RAFAELPC' by user 'PICHAU'.
25/01/2021 00:48:13	Import of database schema has started.
25/01/2021 00:48:19	Gathering database credentials
25/01/2021 00:48:19	Gathering database options
25/01/2021 00:48:19	Gathering generic database scoped configuration option
25/01/2021 00:48:19	Gathering users
25/01/2021 00:48:19	Gathering roles
25/01/2021 00:48:19	Gathering application roles
25/01/2021 00:48:19	Gathering role memberships
25/01/2021 00:48:19	Gathering filegroups
25/01/2021 00:48:19	Gathering full-text catalogs
25/01/2021 00:48:19	Gathering assemblies
25/01/2021 00:48:19	Gathering certificates
25/01/2021 00:48:19	Gathering asymmetric keys
25/01/2021 00:48:19	Gathering symmetric keys
25/01/2021 00:48:19	Gathering encrypted symmetric keys
25/01/2021 00:48:20	Gathering schemas
25/01/2021 00:48:20	Gathering XML schema collections
25/01/2021 00:48:20	Gathering user-defined data types
25/01/2021 00:48:20	Gathering user-defined types
25/01/2021 00:48:20	Gathering table types
25/01/2021 00:48:20	Gathering unique keys for table types
25/01/2021 00:48:20	Gathering primary keys for table types
25/01/2021 00:48:20	Gathering indexes for table types
25/01/2021 00:48:20	Gathering check constraints for table types
25/01/2021 00:48:20	Gathering default constraints for table types
25/01/2021 00:48:20	Gathering partition functions
25/01/2021 00:48:20	Gathering partition schemes
25/01/2021 00:48:20	Gathering functions
25/01/2021 00:48:20	Gathering encrypted functions
25/01/2021 00:48:20	Gathering aggregates
25/01/2021 00:48:20	Gathering procedures
25/01/2021 00:48:20	Gathering encrypted procedures
25/01/2021 00:48:20	Gathering tables
25/01/2021 00:48:20	Gathering primary keys
25/01/2021 00:48:20	Gathering unique constraints
25/01/2021 00:48:20	Gathering foreign keys
25/01/2021 00:48:20	Gathering default constraints
25/01/2021 00:48:20	Gathering check constraints
25/01/2021 00:48:20	Gathering views
25/01/2021 00:48:20	Gathering encrypted views
25/01/2021 00:48:20	Gathering indexes
25/01/2021 00:48:20	Gathering statistics
25/01/2021 00:48:20	Gathering full-text index stoplists
25/01/2021 00:48:20	Gathering search property lists
25/01/2021 00:48:20	Gathering search properties
25/01/2021 00:48:20	Gathering full-text indexes
25/01/2021 00:48:20	Gathering column store indexes
25/01/2021 00:48:20	Gathering spatial indexes
25/01/2021 00:48:20	Gathering XML indexes
25/01/2021 00:48:20	Gathering Selective XML indexes
25/01/2021 00:48:20	Gathering encrypted triggers
25/01/2021 00:48:20	Gathering triggers
25/01/2021 00:48:20	Gathering encrypted and clr ddl triggers
25/01/2021 00:48:20	Gathering ddl triggers
25/01/2021 00:48:20	Creating edge constraints
25/01/2021 00:48:20	Gathering synonyms
25/01/2021 00:48:20	Gathering defaults
25/01/2021 00:48:20	Gathering data constraint uddt bindings
25/01/2021 00:48:20	Gathering rules
25/01/2021 00:48:20	Gathering data constraint uddt bindings
25/01/2021 00:48:21	Gathering message types
25/01/2021 00:48:21	Gathering queues
25/01/2021 00:48:21	Gathering contracts
25/01/2021 00:48:21	Gathering services
25/01/2021 00:48:21	Gathering event notifications
25/01/2021 00:48:21	Gathering remote service bindings
25/01/2021 00:48:21	Gathering broker priorities
25/01/2021 00:48:21	Gathering signatures
25/01/2021 00:48:21	Gathering data compression options
25/01/2021 00:48:21	Gathering sequence types
25/01/2021 00:48:21	Gathering security policies
25/01/2021 00:48:21	Gather column encryption keys
25/01/2021 00:48:21	Gathering column master keys
25/01/2021 00:48:21	Gathering external data sources
25/01/2021 00:48:21	Gathering external file formats
25/01/2021 00:48:21	Gathering external tables
25/01/2021 00:48:21	Gathering extended properties
25/01/2021 00:48:21	Gathering credentials
25/01/2021 00:48:21	Gathering logins
25/01/2021 00:48:21	Gathering server audits
25/01/2021 00:48:22	Scanning project for duplicate elements
25/01/2021 00:48:22	Finished duplicate element processing
25/01/2021 00:48:24	Finished importing database.
25/01/2021 00:48:24	A summary of the import was saved to the following location: C:\Users\PICHAU\Documents\GitHub\ControleDeEstoque\SQLBase\Import Schema Logs\SQLBase_20210125034813.log
25/01/2021 00:48:24	Click Finish to continue...
